// Jest Snapshot v1, https://goo.gl/fbAQLP

exports[`Storyshots Index Home 1`] = `
<div>
  <a
    href="/games"
    onClick={[Function]}
  >
    games page
  </a>
  Welcome to Next.js!
</div>
`;
